reset
create frustum height 0.2 radius 2 top 2 
 
#webcut volume 1 with cylinder radius 3 axis normal of surface 3 
webcut volume 1 with cylinder radius 1 axis z 
delete volume 3 
delete volume 2

#create sphere radius 5 
#create sphere radius 1 
#chop volume 1  with volume 2 
#delete volume 3 

#Create the Dirichlet BC on the interior scatterer surface
#create pressure on surface 10 magnitude 0
#create pressure on surface 3 magnitude 0
#create temperature  on surface 4  value 5
#create temperature  on surface 5  value 5


set duplicate block elements on
#Material Properties from Ansys website   
#block 1 volume 4
block 1 volume 1
block 1 name 'MAT_HELMHOLTZ'     
block 1 attribute count 2   

#heat Angular Frequency
block 1 attribute index 1 80
#Sound of speed
block 1 attribute index 2 2



#Impedance Robin BC. The replication of infinite sommerfield BC.
# allowing obstacles for which the normal velocity on the boundary is proportional to the excess pressure on the boundary
block 2 surface 1
 #block 3 surface all   
block 2 name 'IMPEDANCE_22'   
block 2 attribute count 2   
#add the 
block 2 attribute index 1 0 
#add the Impedance constant    
block 2 attribute index 2 1


##create 
create heatflux on surface 4 value 1
#
#
#
#




volume all scheme Tetmesh 
volume all size auto factor 4
mesh volume all 

save as "/Users/xuanmeng/Documents/build_mofem/examples/helmholtz/cube_No_reflecting_BC_Problem.cub" overwrit

save as "/Users/xuanmeng/Documents/mofem-cephas/mofem/users_modules/helmholtz/meshes/cube_No_reflecting_BC_Problem.cub" overwrit








