reset
set duplicate block elements on

brick x 1 y 1 z 0.25
move vol 1 x  0.5 y 0.5 z 0.125

block 10 volume 1
block 10 name "MAT_ELASTIC_STEEL" attribute count 2
block 10 attribute index 1 200e3
block 10 attribute index 2 0.3

block 1 volume 1
block 1 name "MAT_THERMAL_STEEL"
block 1 attribute count 2
block 1 attribute index 1 500 # heat conductivity 
block 1 attribute index 2 3000 # heat capacity 

block 11 volume 1
block 11 name "MAT_THERMOELASTIC_STEEL"
block 11 attribute count 4
block 11 attribute index 1 293 # reference temperature
block 11 attribute index 2 1e-5 # thermal expansion 11
block 11 attribute index 3 1e-5 # thermal expansion 22
block 11 attribute index 4 0 # thermal expansion 33

block 2 surface 4
block 2 name "CONVECTION_1"
block 2 attribute count 2
block 2 attribute index 1 10 #  heat transfer coefficient 
block 2 attribute index 2 873 # ambient temperature 

block 3 surface 6
block 3 name "CONVECTION_2"
block 3 attribute count 2
block 3 attribute index 1 100 # heat transfer coefficient 
block 3 attribute index 2 873 # ambient temperature 

block 4 surface 3
block 4 name "RADIATION_1"
block 4 attribute count 3
block 4 attribute index 1 5.670374419e-8 # S-B constant
block 4 attribute index 2 0.2 # emissivity [0, 1]
block 4 attribute index 3 873 # ambient temperature

block 5 surface 5
block 5 name "RADIATION_2"
block 5 attribute count 3
block 5 attribute index 1 5.670374419e-8 # S-B constant
block 5 attribute index 2 0.8 # emissivity [0, 1]
block 5 attribute index 3 873 # ambient temperature

block 100 surface 1 2
block 100 name "FIX_Z" 
block 100 attribute count 1
block 100 attribute index 1 0

block 101 surface 3
block 101 name "FIX_Y"
block 101 attribute count 1
block 101 attribute index 1 0

block 102 surface 4
block 102 name "FIX_X"
block 102 attribute count 1
block 102 attribute index 1 0

volume all scheme map
volume all size 0.25
mesh volume all
htet volume all

save as "$MOFEM_INSTALL_DIR/mofem-cephas/mofem/tutorials/adv-2/mesh_files/conv_rad_3d_exp_no_z.cub" overwrite



