#!python
cubit.cmd('reset')

# Geometry (all dimension for macro is in meter [mm])'
h= 1; Lx=10; Ly=10; 

str1='brick x ' + str(Lx) + ' y ' + str(Ly) +' z ' + str(h);   cubit.cmd(str1)  
  
cubit.cmd('volume all size auto factor 6') 
cubit.cmd('volume all scheme tetmesh') 
cubit.cmd('mesh volume all ') 

#Material Blocks 1 for -25 deg (1st layer)
cubit.cmd('set duplicate block elements on')
#
#  Case: FORM
#
cubit.cmd('block 1 volume 1')   
cubit.cmd('block 1 name "MAT_ELASTIC_First"')
#
#  Case: MCS
# 
##cubit.cmd('block 1 tet 1 to 2417 and 2419 to 3594')
#cubit.cmd('block 1 tet 1 to 1335 and 1337 to 3160')
#cubit.cmd('block 1 name "MAT_ELASTIC"') 

cubit.cmd('block 1 attribute count 2') 
cubit.cmd('block 1 attribute index 1 1')   #Young's modulus  (This will not be used in the calculation) 
cubit.cmd('block 1 attribute index 2 0')   #Poisson's ratio (This will not be used in the calculation) 

#Reliability 
cubit.cmd('block 2 tet 1336') # mesh factor 6
#cubit.cmd('block 2 tet 47') # mesh factor 10
cubit.cmd('block 2 name "RELIABILITY"') 
cubit.cmd('block 2 attribute count 2') 
cubit.cmd('block 2 attribute index 1 1')   #Young's modulus  (This will not be used in the calculation) 
cubit.cmd('block 2 attribute index 2 0')   #Poisson's ratio (This will not be used in the calculation) 


# ----------------------------------------------
# Loading case 2:
#   Combined longitudinal and transverse loading
# ----------------------------------------------

# Applied displacement
str1='create displacement on surface 4 dof 1 fix ' + str(0);  cubit.cmd(str1) 
str1='create displacement on surface 3 dof 2 fix ' + str(0);  cubit.cmd(str1) 
str1='create displacement on surface 2 dof 3 fix ' + str(0);  cubit.cmd(str1) 

# Applied force
force_l= -1942.1; #1083; #1181.4;
force_t= -135;   #24;
str1='create force 1 on surface 6 vector ' +str(force_l)+ ' 0 0 0 0 0'; cubit.cmd(str1)
str1='create force 2 on surface 5 vector 0 ' +str(force_t)+ ' 0 0 0 0'; cubit.cmd(str1)
str1='create force 3 on surface 4 vector ' +str(-force_l)+ ' 0 0 0 0 0'; cubit.cmd(str1)
str1='create force 4 on surface 3 vector 0 ' +str(-force_t)+ ' 0 0 0 0'; cubit.cmd(str1)

#force_l=75;
#str1='create force 1 on surface 6 vector ' +str(force_l)+ ' 0 0 0 0 0'; cubit.cmd(str1)
#str1='create force 2 on surface 4 vector ' +str(-force_l)+ ' 0 0 0 0 0'; cubit.cmd(str1)

#cubit.cmd('create force 1 on surface 6 vector 140 0 0 0 0 0') 
#cubit.cmd('create force 2 on surface 5 vector 0 140 0 0 0 0') 
#cubit.cmd('create force 3 on surface 4 vector -140 0 0 0 0 0') 
#cubit.cmd('create force 4 on surface 3 vector 0 -140 0 0 0 0')
##cubit.cmd('create force 3 on surface 1 vector 90 0 0 0 0 0') 


cubit.cmd('save as "/Users/nxz6/mofem_installation/mofem-cephas/mofem/users_modules/reliability/meshes/Laminate_REL_1L_BLT_Fine.cub" overwrite') 
