#!python
cubit.cmd('reset')

# Geometry (all dimension for macro is in meter [mm])'
#h=0.132 ; Lx=22.5; Ly=25; 
h=0.132 ; Lx=2; Ly=2; 

str1='brick x ' + str(Lx) + ' y ' + str(Ly) +' z ' + str(h);   cubit.cmd(str1)
str1='brick x ' + str(Lx) + ' y ' + str(Ly) +' z ' + str(h);   cubit.cmd(str1)
str1='brick x ' + str(Lx) + ' y ' + str(Ly) +' z ' + str(h);   cubit.cmd(str1)
str1='move volume 2 x 0 y 0 z '+str(h)+'include_merged';   cubit.cmd(str1)
str1='move volume 3 x 0 y 0 z '+str(2*h)+'include_merged';   cubit.cmd(str1)

cubit.cmd('imprint volume all ')  
cubit.cmd('merge volume all ')  
  
cubit.cmd('volume all size auto factor 6') 
cubit.cmd('volume all scheme tetmesh') 
cubit.cmd('mesh volume all ') 

#Material Blocks 1 for -25 deg (1st layer)
cubit.cmd('set duplicate block elements on')
cubit.cmd('block 1 volume 1')   
cubit.cmd('block 1 name "MAT_ELASTIC_First"') 
cubit.cmd('block 1 attribute count 2') 
cubit.cmd('block 1 attribute index 1 1')   #Young's modulus  (This will not be used in the calculation) 
cubit.cmd('block 1 attribute index 2 0')   #Poisson's ratio (This will not be used in the calculation) 
 
#Material Blocks 2 for +25 deg (2nd Layer)  
cubit.cmd('block 2 volume 2')   
cubit.cmd('block 2 name "MAT_ELASTIC_Second"') 
cubit.cmd('block 2 attribute count 2') 
cubit.cmd('block 2 attribute index 1 1')   #Young's modulus  (This will not be used in the calculation) 
cubit.cmd('block 2 attribute index 2 0')   #Poisson's ratio (This will not be used in the calculation) 
 
#Material Blocks 3 for 90 deg (3rd layer)
cubit.cmd('block 3 volume 3')   
cubit.cmd('block 3 name "MAT_ELASTIC_Third"') 
cubit.cmd('block 3 attribute count 2') 
cubit.cmd('block 3 attribute index 1 1')   #Young's modulus  (This will not be used in the calculation) 
cubit.cmd('block 3 attribute index 2 0')   #Poisson's ratio (This will not be used in the calculation) 

#Reliability
cubit.cmd('block 4 tet 2418')   
cubit.cmd('block 4 name "RELIABILITY"') 
cubit.cmd('block 4 attribute count 2') 
cubit.cmd('block 4 attribute index 1 1')   #Young's modulus  (This will not be used in the calculation) 
cubit.cmd('block 4 attribute index 2 0')   #Poisson's ratio (This will not be used in the calculation) 


#Applied displacement 
str1='create displacement on surface 4 10 16 dof 1 fix ' + str(0);  cubit.cmd(str1) 
str1='create displacement on surface 5 11 17 dof 2 fix ' + str(0);  cubit.cmd(str1) 
#str1='create displacement on surface 13 dof 3 fix ' + str(0);  cubit.cmd(str1) 

#Applied force
cubit.cmd('create force 1 on surface 6 12 18 vector 90 0 0 0 0 0') 
#cubit.cmd('create force 2 on surface 3  9 15 vector 0 -900 0 0 0 0') 
#cubit.cmd('create force 3 on surface 13      vector 90 0 0 0 0 0') 

cubit.cmd('save as "/Users/nxz6/MyBuild/mofem-cephas/mofem_v0.2/users_modules/stochastic/meshes/Laminate_REL_3L.cub" overwrite')  





