reset 

Set Maximum Arc_Span 30

create sphere radius 5
create sphere radius 0.5
chop volume 1  with volume 2 
delete volume 3 



set duplicate block elements on

#block 1 volume 4
block 1 volume 4
block 1 name 'MAT_HELMHOLTZ'     
block 1 attribute count 2   

#heat Angular Frequency
block 1 attribute index 1 2
#Sound of speed
block 1 attribute index 2 1

set duplicate block elements on



#block 2 surface 1
#block 2 name 'IMPEDANCE'
#block 2 attribute count 2   
#
#block 2 attribute index 1 0 
###add the Impedance constant    
#block 2 attribute index 2 1
#
block 4 surface 1 3
block 4 name 'ANALYTICAL_BC'

block 5 volume 4
block 5 name 'EXACT_SOL'

#create heatflux on surfac 3 value 1



volume all scheme Tetmesh
volume all size auto factor 8
mesh volume all

set duplicate block elements on
block 6 tet all    
block 6 element type tetra10 



save as "/Users/xuanmeng/Desktop/U pan/helmholtz results/impinging_sphere.cub" overwrit

save as "/Users/xuanmeng/Documents/mofem-cephas/mofem_v0.2/users_modules/helmholtz/meshes/impinging_sphere.cub" overwrit



































