reset 

Set Maximum Arc_Span 30


create cylinder height 0.5 radius 3

create cylinder height 5 radius 0.5
chop volume 1  with volume 2 
delete volume 3 


block 1 volume all
block 1 name 'MAT_HELMHOLTZ'     
block 1 attribute count 2   

#heat Angular Frequency
block 1 attribute index 1 10
#Sound of speed
block 1 attribute index 2 1




block 3 volume all
block 3 name 'MAT_NORM'     
block 3 attribute count 0
 

#Choose from analytical solution or non-reflection BC

#block 4 surface all
#block 4 name 'ANALYTICAL_BC'   

#ommerfeld BC or B-T 1st BC
block 4 surface 1 
#block 4 name 'SOMMERFELD_BC'
block 4 name 'BAYLISS_TURKEL_BC'


#Choose whether the scatterer is sound-soft or sound-hard
block 5 surface 10
#block 5 name 'SOFT_INCIDENT_WAVE_BC'
block 5 name 'HARD_INCIDENT_WAVE_BC'
#block 5 attribute count 2   
## Wave length   
#block 5 attribute index 1 2
## Power
#block 5 attribute index 2 1




volume all scheme Tetmesh
volume all size auto factor 6
mesh volume all

set duplicate block elements on
block 6 tet all     
block 6 element type tetra10  



save as "/Users/xuanmeng/Desktop/U_pan/helmholtz_results/impinging_cylinder.cub" overwrit

#save as "/Users/xuanmeng/Documents/mofem-cephas/mofem_v0.2/users_modules/helmholtz/meshes/impinging_cylinder.cub" overwrit





































































































