reset
#create torus major radius 3 minor radius 1
webcut volume 1 with cylinder radius 3 axis normal of surface 3 
webcut volume 1 with cylinder radius 1.3 axis z 
delete volume 3 
delete volume 2

#
#
#set duplicate block elements on
##Material Properties from Ansys website   
##block 1 volume 4
#block 1 volume 1
#block 1 name 'MAT_HELMHOLTZ'     
#block 1 attribute count 2   
#  
##heat Angular Frequency  
#block 1 attribute index 1 6  
##Sound of speed  
#block 1 attribute index 2 3  
#
#
#
###create 
##create heatflux on surface 1 value 1
##
##
##
##
##webcut volume 1  with plane xplane offset 0 noimprint nomerge 
#
##create heatflux on surface all value 1

#delete volume 2
#create heatflux on surface 4 value 1
#surface all scheme triadv
#volume all scheme triadv
volume all scheme Tetmesh 
volume all size auto factor 4
mesh volume all











save as "/Users/xuanmeng/Documents/build_mofem/examples/helmholtz/torus.cub" overwrit

save as "/Users/xuanmeng/Documents/mofem-cephas/mofem_v0.2/users_modules/helmholtz/meshes/torus.cub" overwrit


