reset

import step "/Users/likask/MyBuild/mofem-bitbucket/mofem_v0.0.1/meshes/HSNLF-0213.stp" heal

#brick x 1500 y 1500 z 1500
create sphere radius 2000
move Volume 1 location volume 2 include_merged

chop volume 2 with volume 1 
delete volume 3

split curve 7 fraction 0.5
split curve 9 fraction 0.5
split surface 9  across location vertex 9  location vertex 10

#move Vertex 6  location vertex 5  include_merged 
#move Vertex 8  location vertex 7  include_merged

block 1 volume 4  
block 1 name 'PotentialFlow' 
  
#nodeset 1 vertex 11 
nodeset 1 vertex 6 
nodeset 1 name 'ZeroPressure' 
 
#sideset 2 surface 4 5 7 8 9 10 
sideset 2 surface 5 
sideset 2 name 'NormalVelocity' 
 
sideset 3 surface 10 11 12 
sideset 3 name 'BodySurface' 
 
volume all scheme Tetmesh
volume all size auto factor 8
#surface 6 7 8 9 10 11 12 size auto factor 1
#mesh surface 6 7 8 9 10 11 12 
mesh volume all 

#refine curve 17  numsplit 1 bias 1.0 depth 2 smooth
#refine curve 17  numsplit 1 bias 1.0 depth 2 smooth
#refine curve 17  numsplit 1 bias 1.0 depth 2 smooth

save as "/Users/likask/MyBuild/mofem-bitbucket/mofem_v0.0.1/meshes/airfoil.cub" overwrite

